------------------------------------------------------------
Timing Analyzer Summary
------------------------------------------------------------

Type  : Slow 1200mV 85C Model Setup 'clk'
Slack : -6.042
TNS   : -367.742

Type  : Slow 1200mV 85C Model Setup 'LCD:LCD|clkr'
Slack : -4.111
TNS   : -36.452

Type  : Slow 1200mV 85C Model Hold 'clk'
Slack : 0.432
TNS   : 0.000

Type  : Slow 1200mV 85C Model Hold 'LCD:LCD|clkr'
Slack : 0.452
TNS   : 0.000

Type  : Slow 1200mV 85C Model Minimum Pulse Width 'clk'
Slack : -3.201
TNS   : -223.303

Type  : Slow 1200mV 85C Model Minimum Pulse Width 'LCD:LCD|clkr'
Slack : -1.487
TNS   : -47.584

Type  : Slow 1200mV 0C Model Setup 'clk'
Slack : -5.451
TNS   : -325.909

Type  : Slow 1200mV 0C Model Setup 'LCD:LCD|clkr'
Slack : -3.658
TNS   : -32.067

Type  : Slow 1200mV 0C Model Hold 'clk'
Slack : 0.382
TNS   : 0.000

Type  : Slow 1200mV 0C Model Hold 'LCD:LCD|clkr'
Slack : 0.401
TNS   : 0.000

Type  : Slow 1200mV 0C Model Minimum Pulse Width 'clk'
Slack : -3.201
TNS   : -223.303

Type  : Slow 1200mV 0C Model Minimum Pulse Width 'LCD:LCD|clkr'
Slack : -1.487
TNS   : -47.584

Type  : Fast 1200mV 0C Model Setup 'clk'
Slack : -1.842
TNS   : -76.108

Type  : Fast 1200mV 0C Model Setup 'LCD:LCD|clkr'
Slack : -1.214
TNS   : -4.761

Type  : Fast 1200mV 0C Model Hold 'clk'
Slack : 0.156
TNS   : 0.000

Type  : Fast 1200mV 0C Model Hold 'LCD:LCD|clkr'
Slack : 0.187
TNS   : 0.000

Type  : Fast 1200mV 0C Model Minimum Pulse Width 'clk'
Slack : -3.000
TNS   : -159.763

Type  : Fast 1200mV 0C Model Minimum Pulse Width 'LCD:LCD|clkr'
Slack : -1.000
TNS   : -32.000

------------------------------------------------------------
